// Jest Snapshot v1, https://goo.gl/fbAQLP

exports[`Snapshot del componente <Footer /> Comprobar UI del compoente Footer 1`] = `
<div
  className="Footer center"
>
  <p
    className="Footer-title"
  >
    Platzi Store
  </p>
  <p
    className="Footer-copy"
  >
    Todos los Izquierdos Reservados
  </p>
</div>
`;
